[0.000000] (-) TimerEvent: {}
[0.001091] (-) JobUnselected: {'identifier': 'depthai'}
[0.001459] (-) JobUnselected: {'identifier': 'sensor_fusion'}
[0.002514] (cpp_pubsub) JobQueued: {'identifier': 'cpp_pubsub', 'dependencies': OrderedDict()}
[0.002678] (cpp_pubsub) JobStarted: {'identifier': 'cpp_pubsub'}
[0.080575] (cpp_pubsub) JobProgress: {'identifier': 'cpp_pubsub', 'progress': 'cmake'}
[0.083674] (cpp_pubsub) Command: {'cmd': ['/usr/local/bin/cmake', '/workspaces/ROS_PointCloud_AGV/src/cpp_pubsub', '-DCMAKE_INSTALL_PREFIX=/workspaces/ROS_PointCloud_AGV/install/cpp_pubsub'], 'cwd': '/workspaces/ROS_PointCloud_AGV/build/cpp_pubsub', 'env': OrderedDict([('OPENBLAS_CORETYPE', 'ARMV8'), ('PYTHONIOENCODING', 'utf-8'), ('WS', '/ws'), ('HOSTNAME', 'jetsonagv-desktop'), ('GIT_ASKPASS', '/vscode/vscode-server/bin/linux-arm64/1a5daa3a0231a0fbba4f14db7ec463cf99d7768e/extensions/git/dist/askpass.sh'), ('LD_LIBRARY_PATH', '/opt/ros/foxy/install/opt/yaml_cpp_vendor/lib:/opt/ros/foxy/install/lib:/usr/local/cuda-10.2/targets/aarch64-linux/lib:'), ('BROWSER', '/vscode/vscode-server/bin/linux-arm64/1a5daa3a0231a0fbba4f14db7ec463cf99d7768e/bin/helpers/browser.sh'), ('SHLVL', '2'), ('OLDPWD', '/workspaces/ROS_PointCloud_AGV/src'), ('HOME', '/home/USERNAME'), ('TERM_PROGRAM_VERSION', '1.84.2'), ('VSCODE_IPC_HOOK_CLI', '/tmp/vscode-ipc-63b39eb9-48ae-47a0-a607-bf3bd40745a6.sock'), ('VSCODE_GIT_ASKPASS_MAIN', '/vscode/vscode-server/bin/linux-arm64/1a5daa3a0231a0fbba4f14db7ec463cf99d7768e/extensions/git/dist/askpass-main.js'), ('ROS_PYTHON_VERSION', '3'), ('VSCODE_GIT_ASKPASS_NODE', '/vscode/vscode-server/bin/linux-arm64/1a5daa3a0231a0fbba4f14db7ec463cf99d7768e/node'), ('REMOTE_CONTAINERS', 'true'), ('COLORTERM', 'truecolor'), ('COLCON_PREFIX_PATH', '/opt/ros/foxy/install'), ('ROS_DISTRO', 'foxy'), ('REMOTE_CONTAINERS_IPC', '/tmp/vscode-remote-containers-ipc-378d42ed-833c-40b3-9ca4-0bf83abcc78f.sock'), ('_', '/usr/bin/colcon'), ('ROS_VERSION', '2'), ('NVIDIA_DRIVER_CAPABILITIES', 'all'), ('PKG_CONFIG_PATH', '/opt/ros/foxy/install/lib/aarch64-linux-gnu/pkgconfig:/opt/ros/foxy/install/lib/pkgconfig'), ('TERM', 'xterm-256color'), ('ROS_LOCALHOST_ONLY', '0'), ('PATH', '/opt/ros/foxy/install/bin:/vscode/vscode-server/bin/linux-arm64/1a5daa3a0231a0fbba4f14db7ec463cf99d7768e/bin/remote-cli:/usr/local/cuda-10.2/bin:/usr/local/cuda/bin:/usr/local/sbin:/usr/local/bin:/usr/sbin:/usr/bin:/sbin:/bin'), ('DISPLAY', ':1'), ('REMOTE_CONTAINERS_SOCKETS', '["/tmp/vscode-ssh-auth-378d42ed-833c-40b3-9ca4-0bf83abcc78f.sock","/tmp/.X11-unix/X1","/home/USERNAME/.gnupg/S.gpg-agent"]'), ('LANG', 'en_US.UTF-8'), ('RMW_IMPLEMENTATION', 'rmw_cyclonedds_cpp'), ('LS_COLORS', 'rs=0:di=01;34:ln=01;36:mh=00:pi=40;33:so=01;35:do=01;35:bd=40;33;01:cd=40;33;01:or=40;31;01:mi=00:su=37;41:sg=30;43:ca=30;41:tw=30;42:ow=34;42:st=37;44:ex=01;32:*.tar=01;31:*.tgz=01;31:*.arc=01;31:*.arj=01;31:*.taz=01;31:*.lha=01;31:*.lz4=01;31:*.lzh=01;31:*.lzma=01;31:*.tlz=01;31:*.txz=01;31:*.tzo=01;31:*.t7z=01;31:*.zip=01;31:*.z=01;31:*.Z=01;31:*.dz=01;31:*.gz=01;31:*.lrz=01;31:*.lz=01;31:*.lzo=01;31:*.xz=01;31:*.zst=01;31:*.tzst=01;31:*.bz2=01;31:*.bz=01;31:*.tbz=01;31:*.tbz2=01;31:*.tz=01;31:*.deb=01;31:*.rpm=01;31:*.jar=01;31:*.war=01;31:*.ear=01;31:*.sar=01;31:*.rar=01;31:*.alz=01;31:*.ace=01;31:*.zoo=01;31:*.cpio=01;31:*.7z=01;31:*.rz=01;31:*.cab=01;31:*.wim=01;31:*.swm=01;31:*.dwm=01;31:*.esd=01;31:*.jpg=01;35:*.jpeg=01;35:*.mjpg=01;35:*.mjpeg=01;35:*.gif=01;35:*.bmp=01;35:*.pbm=01;35:*.pgm=01;35:*.ppm=01;35:*.tga=01;35:*.xbm=01;35:*.xpm=01;35:*.tif=01;35:*.tiff=01;35:*.png=01;35:*.svg=01;35:*.svgz=01;35:*.mng=01;35:*.pcx=01;35:*.mov=01;35:*.mpg=01;35:*.mpeg=01;35:*.m2v=01;35:*.mkv=01;35:*.webm=01;35:*.ogm=01;35:*.mp4=01;35:*.m4v=01;35:*.mp4v=01;35:*.vob=01;35:*.qt=01;35:*.nuv=01;35:*.wmv=01;35:*.asf=01;35:*.rm=01;35:*.rmvb=01;35:*.flc=01;35:*.avi=01;35:*.fli=01;35:*.flv=01;35:*.gl=01;35:*.dl=01;35:*.xcf=01;35:*.xwd=01;35:*.yuv=01;35:*.cgm=01;35:*.emf=01;35:*.ogv=01;35:*.ogx=01;35:*.aac=00;36:*.au=00;36:*.flac=00;36:*.m4a=00;36:*.mid=00;36:*.midi=00;36:*.mka=00;36:*.mp3=00;36:*.mpc=00;36:*.ogg=00;36:*.ra=00;36:*.wav=00;36:*.oga=00;36:*.opus=00;36:*.spx=00;36:*.xspf=00;36:'), ('TERM_PROGRAM', 'vscode'), ('ROS_ROOT', '/opt/ros/foxy'), ('VSCODE_GIT_IPC_HANDLE', '/tmp/vscode-git-3c43941a1c.sock'), ('AMENT_PREFIX_PATH', '/opt/ros/foxy/install'), ('SSH_AUTH_SOCK', '/tmp/vscode-ssh-auth-378d42ed-833c-40b3-9ca4-0bf83abcc78f.sock'), ('REMOTE_CONTAINERS_DISPLAY_SOCK', '/tmp/.X11-unix/X1'), ('DEBIAN_FRONTEND', 'noninteractive'), ('SHELL', '/bin/bash'), ('VSCODE_GIT_ASKPASS_EXTRA_ARGS', ''), ('PWD', '/workspaces/ROS_PointCloud_AGV/build/cpp_pubsub'), ('PYTHONPATH', '/opt/ros/foxy/install/lib/python3.6/site-packages'), ('NVIDIA_VISIBLE_DEVICES', 'all'), ('COLCON', '1'), ('CMAKE_PREFIX_PATH', '/opt/ros/foxy/install')]), 'shell': False}
[0.097110] (-) TimerEvent: {}
[0.199112] (-) TimerEvent: {}
[0.285471] (cpp_pubsub) StdoutLine: {'line': b'-- Found ament_cmake: 0.9.12 (/opt/ros/foxy/install/share/ament_cmake/cmake)\n'}
[0.299248] (-) TimerEvent: {}
[0.311659] (cpp_pubsub) StderrLine: {'line': b'\x1b[33mCMake Warning (dev) at /opt/ros/foxy/install/share/ament_cmake_core/cmake/core/python.cmake:22 (find_package):\n'}
[0.313699] (cpp_pubsub) StderrLine: {'line': b'  Policy CMP0148 is not set: The FindPythonInterp and FindPythonLibs modules\n'}
[0.316246] (cpp_pubsub) StderrLine: {'line': b'  are removed.  Run "cmake --help-policy CMP0148" for policy details.  Use\n'}
[0.318292] (cpp_pubsub) StderrLine: {'line': b'  the cmake_policy command to set the policy and suppress this warning.\n'}
[0.319918] (cpp_pubsub) StderrLine: {'line': b'\n'}
[0.321577] (cpp_pubsub) StderrLine: {'line': b'Call Stack (most recent call first):\n'}
[0.323261] (cpp_pubsub) StderrLine: {'line': b'  /opt/ros/foxy/install/share/ament_cmake_core/cmake/core/all.cmake:53 (include)\n'}
[0.324840] (cpp_pubsub) StderrLine: {'line': b'  /opt/ros/foxy/install/share/ament_cmake_core/cmake/ament_cmake_core-extras.cmake:17 (include)\n'}
[0.326471] (cpp_pubsub) StderrLine: {'line': b'  /opt/ros/foxy/install/share/ament_cmake_core/cmake/ament_cmake_coreConfig.cmake:41 (include)\n'}
[0.328073] (cpp_pubsub) StderrLine: {'line': b'  /opt/ros/foxy/install/share/ament_cmake/cmake/ament_cmake_export_dependencies-extras.cmake:15 (find_package)\n'}
[0.329630] (cpp_pubsub) StderrLine: {'line': b'  /opt/ros/foxy/install/share/ament_cmake/cmake/ament_cmakeConfig.cmake:41 (include)\n'}
[0.331180] (cpp_pubsub) StderrLine: {'line': b'  CMakeLists.txt:18 (find_package)\n'}
[0.332746] (cpp_pubsub) StderrLine: {'line': b'This warning is for project developers.  Use -Wno-dev to suppress it.\n'}
[0.334381] (cpp_pubsub) StderrLine: {'line': b'\x1b[0m\n'}
[0.385367] (cpp_pubsub) StdoutLine: {'line': b'-- Found PythonInterp: /usr/bin/python3 (found suitable version "3.6.9", minimum required is "3") \n'}
[0.387591] (cpp_pubsub) StdoutLine: {'line': b'-- Using PYTHON_EXECUTABLE: /usr/bin/python3\n'}
[0.399409] (-) TimerEvent: {}
[0.500466] (-) TimerEvent: {}
[0.601853] (-) TimerEvent: {}
[0.703184] (-) TimerEvent: {}
[0.804621] (-) TimerEvent: {}
[0.905374] (-) TimerEvent: {}
[1.006201] (-) TimerEvent: {}
[1.106931] (-) TimerEvent: {}
[1.208252] (-) TimerEvent: {}
[1.309632] (-) TimerEvent: {}
[1.411138] (-) TimerEvent: {}
[1.495785] (cpp_pubsub) StdoutLine: {'line': b'-- Found rclcpp: 2.4.3 (/opt/ros/foxy/install/share/rclcpp/cmake)\n'}
[1.511309] (-) TimerEvent: {}
[1.612417] (-) TimerEvent: {}
[1.713523] (-) TimerEvent: {}
[1.732592] (cpp_pubsub) StdoutLine: {'line': b'-- Using all available rosidl_typesupport_c: rosidl_typesupport_fastrtps_c;rosidl_typesupport_introspection_c\n'}
[1.777156] (cpp_pubsub) StdoutLine: {'line': b'-- Found rosidl_adapter: 1.3.1 (/opt/ros/foxy/install/share/rosidl_adapter/cmake)\n'}
[1.813706] (-) TimerEvent: {}
[1.914516] (-) TimerEvent: {}
[2.015919] (-) TimerEvent: {}
[2.059749] (cpp_pubsub) StdoutLine: {'line': b'-- Found OpenSSL: /usr/lib/aarch64-linux-gnu/libcrypto.so (found version "1.1.1")  \n'}
[2.116158] (-) TimerEvent: {}
[2.152076] (cpp_pubsub) StdoutLine: {'line': b'-- Found FastRTPS: /opt/ros/foxy/install/include  \n'}
[2.216395] (-) TimerEvent: {}
[2.317796] (-) TimerEvent: {}
[2.419236] (-) TimerEvent: {}
[2.513939] (cpp_pubsub) StdoutLine: {'line': b'-- Using all available rosidl_typesupport_cpp: rosidl_typesupport_fastrtps_cpp;rosidl_typesupport_introspection_cpp\n'}
[2.519408] (-) TimerEvent: {}
[2.620139] (-) TimerEvent: {}
[2.720957] (-) TimerEvent: {}
[2.821772] (-) TimerEvent: {}
[2.825357] (cpp_pubsub) StdoutLine: {'line': b'-- Found rmw_implementation_cmake: 1.0.4 (/opt/ros/foxy/install/share/rmw_implementation_cmake/cmake)\n'}
[2.834030] (cpp_pubsub) StdoutLine: {'line': b"-- Using RMW implementation 'rmw_cyclonedds_cpp' as default\n"}
[2.839390] (cpp_pubsub) StdoutLine: {'line': b'-- Performing Test CMAKE_HAVE_LIBC_PTHREAD\n'}
[2.922050] (-) TimerEvent: {}
[3.023429] (-) TimerEvent: {}
[3.049998] (cpp_pubsub) StdoutLine: {'line': b'-- Performing Test CMAKE_HAVE_LIBC_PTHREAD - Failed\n'}
[3.051062] (cpp_pubsub) StdoutLine: {'line': b'-- Looking for pthread_create in pthreads\n'}
[3.123611] (-) TimerEvent: {}
[3.224524] (-) TimerEvent: {}
[3.233761] (cpp_pubsub) StdoutLine: {'line': b'-- Looking for pthread_create in pthreads - not found\n'}
[3.234777] (cpp_pubsub) StdoutLine: {'line': b'-- Looking for pthread_create in pthread\n'}
[3.324713] (-) TimerEvent: {}
[3.426264] (-) TimerEvent: {}
[3.436139] (cpp_pubsub) StdoutLine: {'line': b'-- Looking for pthread_create in pthread - found\n'}
[3.441251] (cpp_pubsub) StdoutLine: {'line': b'-- Found Threads: TRUE  \n'}
[3.526660] (-) TimerEvent: {}
[3.627482] (-) TimerEvent: {}
[3.728645] (-) TimerEvent: {}
[3.830057] (-) TimerEvent: {}
[3.931429] (-) TimerEvent: {}
[4.032823] (-) TimerEvent: {}
[4.134225] (-) TimerEvent: {}
[4.235584] (-) TimerEvent: {}
[4.336936] (-) TimerEvent: {}
[4.438312] (-) TimerEvent: {}
[4.539034] (-) TimerEvent: {}
[4.639769] (-) TimerEvent: {}
[4.643147] (cpp_pubsub) StderrLine: {'line': b"Error parsing '/workspaces/ROS_PointCloud_AGV/src/cpp_pubsub/package.xml':\n"}
[4.651747] (cpp_pubsub) StderrLine: {'line': b'Traceback (most recent call last):\n'}
[4.653265] (cpp_pubsub) StderrLine: {'line': b'  File "/usr/lib/python3/dist-packages/catkin_pkg/package.py", line 610, in parse_package_string\n'}
[4.653902] (cpp_pubsub) StderrLine: {'line': b'    root = dom.parseString(data)\n'}
[4.654622] (cpp_pubsub) StderrLine: {'line': b'  File "/usr/lib/python3.6/xml/dom/minidom.py", line 1968, in parseString\n'}
[4.655233] (cpp_pubsub) StderrLine: {'line': b'    return expatbuilder.parseString(string)\n'}
[4.655782] (cpp_pubsub) StderrLine: {'line': b'  File "/usr/lib/python3.6/xml/dom/expatbuilder.py", line 925, in parseString\n'}
[4.656372] (cpp_pubsub) StderrLine: {'line': b'    return builder.parseString(string)\n'}
[4.656930] (cpp_pubsub) StderrLine: {'line': b'  File "/usr/lib/python3.6/xml/dom/expatbuilder.py", line 223, in parseString\n'}
[4.657507] (cpp_pubsub) StderrLine: {'line': b'    parser.Parse(string, True)\n'}
[4.658125] (cpp_pubsub) StderrLine: {'line': b'xml.parsers.expat.ExpatError: XML or text declaration not at start of entity: line 3, column 0\n'}
[4.658710] (cpp_pubsub) StderrLine: {'line': b'\n'}
[4.659326] (cpp_pubsub) StderrLine: {'line': b'During handling of the above exception, another exception occurred:\n'}
[4.659893] (cpp_pubsub) StderrLine: {'line': b'\n'}
[4.660465] (cpp_pubsub) StderrLine: {'line': b'Traceback (most recent call last):\n'}
[4.661007] (cpp_pubsub) StderrLine: {'line': b'  File "/opt/ros/foxy/install/share/ament_cmake_core/cmake/core/package_xml_2_cmake.py", line 143, in <module>\n'}
[4.661586] (cpp_pubsub) StderrLine: {'line': b'    main()\n'}
[4.662239] (cpp_pubsub) StderrLine: {'line': b'  File "/opt/ros/foxy/install/share/ament_cmake_core/cmake/core/package_xml_2_cmake.py", line 52, in main\n'}
[4.662837] (cpp_pubsub) StderrLine: {'line': b'    raise e\n'}
[4.663408] (cpp_pubsub) StderrLine: {'line': b'  File "/opt/ros/foxy/install/share/ament_cmake_core/cmake/core/package_xml_2_cmake.py", line 49, in main\n'}
[4.663930] (cpp_pubsub) StderrLine: {'line': b'    args.package_xml.read(), filename=args.package_xml.name)\n'}
[4.664492] (cpp_pubsub) StderrLine: {'line': b'  File "/usr/lib/python3/dist-packages/catkin_pkg/package.py", line 612, in parse_package_string\n'}
[4.665130] (cpp_pubsub) StderrLine: {'line': b"    raise InvalidPackage('The manifest contains invalid XML:\\n%s' % ex, filename)\n"}
[4.665846] (cpp_pubsub) StderrLine: {'line': b"catkin_pkg.package.InvalidPackage: Error(s) in package '/workspaces/ROS_PointCloud_AGV/src/cpp_pubsub/package.xml':\n"}
[4.666672] (cpp_pubsub) StderrLine: {'line': b'The manifest contains invalid XML:\n'}
[4.667327] (cpp_pubsub) StderrLine: {'line': b'XML or text declaration not at start of entity: line 3, column 0\n'}
[4.709840] (cpp_pubsub) StderrLine: {'line': b'\x1b[31mCMake Error at /opt/ros/foxy/install/share/ament_cmake_core/cmake/core/ament_package_xml.cmake:94 (message):\n'}
[4.710781] (cpp_pubsub) StderrLine: {'line': b'  execute_process(/usr/bin/python3\n'}
[4.711644] (cpp_pubsub) StderrLine: {'line': b'  /opt/ros/foxy/install/share/ament_cmake_core/cmake/core/package_xml_2_cmake.py\n'}
[4.712424] (cpp_pubsub) StderrLine: {'line': b'  /workspaces/ROS_PointCloud_AGV/src/cpp_pubsub/package.xml\n'}
[4.712910] (cpp_pubsub) StderrLine: {'line': b'  /workspaces/ROS_PointCloud_AGV/build/cpp_pubsub/ament_cmake_core/package.cmake)\n'}
[4.713408] (cpp_pubsub) StderrLine: {'line': b'  returned error code 1\n'}
[4.713880] (cpp_pubsub) StderrLine: {'line': b'Call Stack (most recent call first):\n'}
[4.714586] (cpp_pubsub) StderrLine: {'line': b'  /opt/ros/foxy/install/share/ament_cmake_core/cmake/core/ament_package_xml.cmake:49 (_ament_package_xml)\n'}
[4.715070] (cpp_pubsub) StderrLine: {'line': b'  /opt/ros/foxy/install/share/ament_cmake_core/cmake/core/ament_package.cmake:63 (ament_package_xml)\n'}
[4.715638] (cpp_pubsub) StderrLine: {'line': b'  CMakeLists.txt:33 (ament_package)\n'}
[4.716225] (cpp_pubsub) StderrLine: {'line': b'\n'}
[4.716740] (cpp_pubsub) StderrLine: {'line': b'\x1b[0m\n'}
[4.717219] (cpp_pubsub) StdoutLine: {'line': b'-- Configuring incomplete, errors occurred!\n'}
[4.740012] (-) TimerEvent: {}
[4.753132] (cpp_pubsub) CommandEnded: {'returncode': 1}
[4.756638] (cpp_pubsub) JobEnded: {'identifier': 'cpp_pubsub', 'rc': 1}
[4.768444] (-) EventReactorShutdown: {}
