[0.077s] Invoking command in '/workspaces/ROS_PointCloud_AGV/build/cpp_pubsub': /usr/local/bin/cmake /workspaces/ROS_PointCloud_AGV/src/cpp_pubsub -DCMAKE_INSTALL_PREFIX=/workspaces/ROS_PointCloud_AGV/install/cpp_pubsub
[0.245s] -- Found ament_cmake: 0.9.12 (/opt/ros/foxy/install/share/ament_cmake/cmake)
[0.251s] [33mCMake Warning (dev) at /opt/ros/foxy/install/share/ament_cmake_core/cmake/core/python.cmake:22 (find_package):
[0.252s]   Policy CMP0148 is not set: The FindPythonInterp and FindPythonLibs modules
[0.252s]   are removed.  Run "cmake --help-policy CMP0148" for policy details.  Use
[0.253s]   the cmake_policy command to set the policy and suppress this warning.
[0.253s] 
[0.254s] Call Stack (most recent call first):
[0.254s]   /opt/ros/foxy/install/share/ament_cmake_core/cmake/core/all.cmake:53 (include)
[0.255s]   /opt/ros/foxy/install/share/ament_cmake_core/cmake/ament_cmake_core-extras.cmake:17 (include)
[0.255s]   /opt/ros/foxy/install/share/ament_cmake_core/cmake/ament_cmake_coreConfig.cmake:41 (include)
[0.256s]   /opt/ros/foxy/install/share/ament_cmake/cmake/ament_cmake_export_dependencies-extras.cmake:15 (find_package)
[0.256s]   /opt/ros/foxy/install/share/ament_cmake/cmake/ament_cmakeConfig.cmake:41 (include)
[0.257s]   CMakeLists.txt:18 (find_package)
[0.257s] This warning is for project developers.  Use -Wno-dev to suppress it.
[0.258s] [0m
[0.326s] -- Using PYTHON_EXECUTABLE: /usr/bin/python3
[1.304s] -- Found rclcpp: 2.4.3 (/opt/ros/foxy/install/share/rclcpp/cmake)
[1.443s] -- Using all available rosidl_typesupport_c: rosidl_typesupport_fastrtps_c;rosidl_typesupport_introspection_c
[1.462s] -- Found rosidl_adapter: 1.3.1 (/opt/ros/foxy/install/share/rosidl_adapter/cmake)
[1.940s] -- Using all available rosidl_typesupport_cpp: rosidl_typesupport_fastrtps_cpp;rosidl_typesupport_introspection_cpp
[2.184s] -- Found rmw_implementation_cmake: 1.0.4 (/opt/ros/foxy/install/share/rmw_implementation_cmake/cmake)
[2.190s] -- Using RMW implementation 'rmw_cyclonedds_cpp' as default
[3.325s] Error parsing '/workspaces/ROS_PointCloud_AGV/src/cpp_pubsub/package.xml':
[3.330s] Traceback (most recent call last):
[3.331s]   File "/usr/lib/python3/dist-packages/catkin_pkg/package.py", line 610, in parse_package_string
[3.331s]     root = dom.parseString(data)
[3.332s]   File "/usr/lib/python3.6/xml/dom/minidom.py", line 1968, in parseString
[3.333s]     return expatbuilder.parseString(string)
[3.333s]   File "/usr/lib/python3.6/xml/dom/expatbuilder.py", line 925, in parseString
[3.334s]     return builder.parseString(string)
[3.334s]   File "/usr/lib/python3.6/xml/dom/expatbuilder.py", line 223, in parseString
[3.335s]     parser.Parse(string, True)
[3.336s] xml.parsers.expat.ExpatError: XML or text declaration not at start of entity: line 3, column 0
[3.336s] 
[3.337s] During handling of the above exception, another exception occurred:
[3.337s] 
[3.338s] Traceback (most recent call last):
[3.339s]   File "/opt/ros/foxy/install/share/ament_cmake_core/cmake/core/package_xml_2_cmake.py", line 143, in <module>
[3.339s]     main()
[3.340s]   File "/opt/ros/foxy/install/share/ament_cmake_core/cmake/core/package_xml_2_cmake.py", line 52, in main
[3.340s]     raise e
[3.341s]   File "/opt/ros/foxy/install/share/ament_cmake_core/cmake/core/package_xml_2_cmake.py", line 49, in main
[3.342s]     args.package_xml.read(), filename=args.package_xml.name)
[3.342s]   File "/usr/lib/python3/dist-packages/catkin_pkg/package.py", line 612, in parse_package_string
[3.343s]     raise InvalidPackage('The manifest contains invalid XML:\n%s' % ex, filename)
[3.343s] catkin_pkg.package.InvalidPackage: Error(s) in package '/workspaces/ROS_PointCloud_AGV/src/cpp_pubsub/package.xml':
[3.344s] The manifest contains invalid XML:
[3.344s] XML or text declaration not at start of entity: line 3, column 0
[3.389s] [31mCMake Error at /opt/ros/foxy/install/share/ament_cmake_core/cmake/core/ament_package_xml.cmake:94 (message):
[3.389s]   execute_process(/usr/bin/python3
[3.390s]   /opt/ros/foxy/install/share/ament_cmake_core/cmake/core/package_xml_2_cmake.py
[3.392s]   /workspaces/ROS_PointCloud_AGV/src/cpp_pubsub/package.xml
[3.392s]   /workspaces/ROS_PointCloud_AGV/build/cpp_pubsub/ament_cmake_core/package.cmake)
[3.393s]   returned error code 1
[3.393s] Call Stack (most recent call first):
[3.394s]   /opt/ros/foxy/install/share/ament_cmake_core/cmake/core/ament_package_xml.cmake:49 (_ament_package_xml)
[3.394s]   /opt/ros/foxy/install/share/ament_cmake_core/cmake/core/ament_package.cmake:63 (ament_package_xml)
[3.395s]   CMakeLists.txt:33 (ament_package)
[3.395s] 
[3.396s] [0m
[3.396s] -- Configuring incomplete, errors occurred!
[3.427s] Invoked command in '/workspaces/ROS_PointCloud_AGV/build/cpp_pubsub' returned '1': /usr/local/bin/cmake /workspaces/ROS_PointCloud_AGV/src/cpp_pubsub -DCMAKE_INSTALL_PREFIX=/workspaces/ROS_PointCloud_AGV/install/cpp_pubsub
