[0.000000] (-) TimerEvent: {}
[0.000558] (-) JobUnselected: {'identifier': 'depthai'}
[0.001461] (-) JobUnselected: {'identifier': 'sensor_fusion'}
[0.001712] (cpp_pubsub) JobQueued: {'identifier': 'cpp_pubsub', 'dependencies': OrderedDict()}
[0.002093] (cpp_pubsub) JobStarted: {'identifier': 'cpp_pubsub'}
[0.072561] (cpp_pubsub) JobProgress: {'identifier': 'cpp_pubsub', 'progress': 'cmake'}
[0.075447] (cpp_pubsub) Command: {'cmd': ['/usr/local/bin/cmake', '/workspaces/ROS_PointCloud_AGV/src/cpp_pubsub', '-DCMAKE_INSTALL_PREFIX=/workspaces/ROS_PointCloud_AGV/install/cpp_pubsub'], 'cwd': '/workspaces/ROS_PointCloud_AGV/build/cpp_pubsub', 'env': OrderedDict([('OPENBLAS_CORETYPE', 'ARMV8'), ('PYTHONIOENCODING', 'utf-8'), ('WS', '/ws'), ('HOSTNAME', 'jetsonagv-desktop'), ('GIT_ASKPASS', '/vscode/vscode-server/bin/linux-arm64/1a5daa3a0231a0fbba4f14db7ec463cf99d7768e/extensions/git/dist/askpass.sh'), ('LD_LIBRARY_PATH', '/opt/ros/foxy/install/opt/yaml_cpp_vendor/lib:/opt/ros/foxy/install/lib:/usr/local/cuda-10.2/targets/aarch64-linux/lib:'), ('BROWSER', '/vscode/vscode-server/bin/linux-arm64/1a5daa3a0231a0fbba4f14db7ec463cf99d7768e/bin/helpers/browser.sh'), ('SHLVL', '2'), ('OLDPWD', '/workspaces/ROS_PointCloud_AGV/src'), ('HOME', '/home/USERNAME'), ('TERM_PROGRAM_VERSION', '1.84.2'), ('VSCODE_IPC_HOOK_CLI', '/tmp/vscode-ipc-63b39eb9-48ae-47a0-a607-bf3bd40745a6.sock'), ('VSCODE_GIT_ASKPASS_MAIN', '/vscode/vscode-server/bin/linux-arm64/1a5daa3a0231a0fbba4f14db7ec463cf99d7768e/extensions/git/dist/askpass-main.js'), ('ROS_PYTHON_VERSION', '3'), ('VSCODE_GIT_ASKPASS_NODE', '/vscode/vscode-server/bin/linux-arm64/1a5daa3a0231a0fbba4f14db7ec463cf99d7768e/node'), ('REMOTE_CONTAINERS', 'true'), ('COLORTERM', 'truecolor'), ('COLCON_PREFIX_PATH', '/opt/ros/foxy/install'), ('ROS_DISTRO', 'foxy'), ('REMOTE_CONTAINERS_IPC', '/tmp/vscode-remote-containers-ipc-378d42ed-833c-40b3-9ca4-0bf83abcc78f.sock'), ('_', '/usr/bin/colcon'), ('ROS_VERSION', '2'), ('NVIDIA_DRIVER_CAPABILITIES', 'all'), ('PKG_CONFIG_PATH', '/opt/ros/foxy/install/lib/aarch64-linux-gnu/pkgconfig:/opt/ros/foxy/install/lib/pkgconfig'), ('TERM', 'xterm-256color'), ('ROS_LOCALHOST_ONLY', '0'), ('PATH', '/opt/ros/foxy/install/bin:/vscode/vscode-server/bin/linux-arm64/1a5daa3a0231a0fbba4f14db7ec463cf99d7768e/bin/remote-cli:/usr/local/cuda-10.2/bin:/usr/local/cuda/bin:/usr/local/sbin:/usr/local/bin:/usr/sbin:/usr/bin:/sbin:/bin'), ('DISPLAY', ':1'), ('REMOTE_CONTAINERS_SOCKETS', '["/tmp/vscode-ssh-auth-378d42ed-833c-40b3-9ca4-0bf83abcc78f.sock","/tmp/.X11-unix/X1","/home/USERNAME/.gnupg/S.gpg-agent"]'), ('LANG', 'en_US.UTF-8'), ('RMW_IMPLEMENTATION', 'rmw_cyclonedds_cpp'), ('LS_COLORS', 'rs=0:di=01;34:ln=01;36:mh=00:pi=40;33:so=01;35:do=01;35:bd=40;33;01:cd=40;33;01:or=40;31;01:mi=00:su=37;41:sg=30;43:ca=30;41:tw=30;42:ow=34;42:st=37;44:ex=01;32:*.tar=01;31:*.tgz=01;31:*.arc=01;31:*.arj=01;31:*.taz=01;31:*.lha=01;31:*.lz4=01;31:*.lzh=01;31:*.lzma=01;31:*.tlz=01;31:*.txz=01;31:*.tzo=01;31:*.t7z=01;31:*.zip=01;31:*.z=01;31:*.Z=01;31:*.dz=01;31:*.gz=01;31:*.lrz=01;31:*.lz=01;31:*.lzo=01;31:*.xz=01;31:*.zst=01;31:*.tzst=01;31:*.bz2=01;31:*.bz=01;31:*.tbz=01;31:*.tbz2=01;31:*.tz=01;31:*.deb=01;31:*.rpm=01;31:*.jar=01;31:*.war=01;31:*.ear=01;31:*.sar=01;31:*.rar=01;31:*.alz=01;31:*.ace=01;31:*.zoo=01;31:*.cpio=01;31:*.7z=01;31:*.rz=01;31:*.cab=01;31:*.wim=01;31:*.swm=01;31:*.dwm=01;31:*.esd=01;31:*.jpg=01;35:*.jpeg=01;35:*.mjpg=01;35:*.mjpeg=01;35:*.gif=01;35:*.bmp=01;35:*.pbm=01;35:*.pgm=01;35:*.ppm=01;35:*.tga=01;35:*.xbm=01;35:*.xpm=01;35:*.tif=01;35:*.tiff=01;35:*.png=01;35:*.svg=01;35:*.svgz=01;35:*.mng=01;35:*.pcx=01;35:*.mov=01;35:*.mpg=01;35:*.mpeg=01;35:*.m2v=01;35:*.mkv=01;35:*.webm=01;35:*.ogm=01;35:*.mp4=01;35:*.m4v=01;35:*.mp4v=01;35:*.vob=01;35:*.qt=01;35:*.nuv=01;35:*.wmv=01;35:*.asf=01;35:*.rm=01;35:*.rmvb=01;35:*.flc=01;35:*.avi=01;35:*.fli=01;35:*.flv=01;35:*.gl=01;35:*.dl=01;35:*.xcf=01;35:*.xwd=01;35:*.yuv=01;35:*.cgm=01;35:*.emf=01;35:*.ogv=01;35:*.ogx=01;35:*.aac=00;36:*.au=00;36:*.flac=00;36:*.m4a=00;36:*.mid=00;36:*.midi=00;36:*.mka=00;36:*.mp3=00;36:*.mpc=00;36:*.ogg=00;36:*.ra=00;36:*.wav=00;36:*.oga=00;36:*.opus=00;36:*.spx=00;36:*.xspf=00;36:'), ('TERM_PROGRAM', 'vscode'), ('ROS_ROOT', '/opt/ros/foxy'), ('VSCODE_GIT_IPC_HANDLE', '/tmp/vscode-git-3c43941a1c.sock'), ('AMENT_PREFIX_PATH', '/opt/ros/foxy/install'), ('SSH_AUTH_SOCK', '/tmp/vscode-ssh-auth-378d42ed-833c-40b3-9ca4-0bf83abcc78f.sock'), ('REMOTE_CONTAINERS_DISPLAY_SOCK', '/tmp/.X11-unix/X1'), ('DEBIAN_FRONTEND', 'noninteractive'), ('SHELL', '/bin/bash'), ('VSCODE_GIT_ASKPASS_EXTRA_ARGS', ''), ('PWD', '/workspaces/ROS_PointCloud_AGV/build/cpp_pubsub'), ('PYTHONPATH', '/opt/ros/foxy/install/lib/python3.6/site-packages'), ('NVIDIA_VISIBLE_DEVICES', 'all'), ('COLCON', '1'), ('CMAKE_PREFIX_PATH', '/opt/ros/foxy/install')]), 'shell': False}
[0.093252] (-) TimerEvent: {}
[0.194249] (-) TimerEvent: {}
[0.246211] (cpp_pubsub) StdoutLine: {'line': b'-- Found ament_cmake: 0.9.12 (/opt/ros/foxy/install/share/ament_cmake/cmake)\n'}
[0.252973] (cpp_pubsub) StderrLine: {'line': b'\x1b[33mCMake Warning (dev) at /opt/ros/foxy/install/share/ament_cmake_core/cmake/core/python.cmake:22 (find_package):\n'}
[0.253735] (cpp_pubsub) StderrLine: {'line': b'  Policy CMP0148 is not set: The FindPythonInterp and FindPythonLibs modules\n'}
[0.254271] (cpp_pubsub) StderrLine: {'line': b'  are removed.  Run "cmake --help-policy CMP0148" for policy details.  Use\n'}
[0.254712] (cpp_pubsub) StderrLine: {'line': b'  the cmake_policy command to set the policy and suppress this warning.\n'}
[0.255136] (cpp_pubsub) StderrLine: {'line': b'\n'}
[0.255680] (cpp_pubsub) StderrLine: {'line': b'Call Stack (most recent call first):\n'}
[0.256115] (cpp_pubsub) StderrLine: {'line': b'  /opt/ros/foxy/install/share/ament_cmake_core/cmake/core/all.cmake:53 (include)\n'}
[0.256579] (cpp_pubsub) StderrLine: {'line': b'  /opt/ros/foxy/install/share/ament_cmake_core/cmake/ament_cmake_core-extras.cmake:17 (include)\n'}
[0.257050] (cpp_pubsub) StderrLine: {'line': b'  /opt/ros/foxy/install/share/ament_cmake_core/cmake/ament_cmake_coreConfig.cmake:41 (include)\n'}
[0.257519] (cpp_pubsub) StderrLine: {'line': b'  /opt/ros/foxy/install/share/ament_cmake/cmake/ament_cmake_export_dependencies-extras.cmake:15 (find_package)\n'}
[0.257994] (cpp_pubsub) StderrLine: {'line': b'  /opt/ros/foxy/install/share/ament_cmake/cmake/ament_cmakeConfig.cmake:41 (include)\n'}
[0.258457] (cpp_pubsub) StderrLine: {'line': b'  CMakeLists.txt:18 (find_package)\n'}
[0.258918] (cpp_pubsub) StderrLine: {'line': b'This warning is for project developers.  Use -Wno-dev to suppress it.\n'}
[0.259414] (cpp_pubsub) StderrLine: {'line': b'\x1b[0m\n'}
[0.294420] (-) TimerEvent: {}
[0.327932] (cpp_pubsub) StdoutLine: {'line': b'-- Using PYTHON_EXECUTABLE: /usr/bin/python3\n'}
[0.394710] (-) TimerEvent: {}
[0.495474] (-) TimerEvent: {}
[0.596207] (-) TimerEvent: {}
[0.698282] (-) TimerEvent: {}
[0.799691] (-) TimerEvent: {}
[0.900995] (-) TimerEvent: {}
[1.002294] (-) TimerEvent: {}
[1.103688] (-) TimerEvent: {}
[1.205584] (-) TimerEvent: {}
[1.305821] (cpp_pubsub) StdoutLine: {'line': b'-- Found rclcpp: 2.4.3 (/opt/ros/foxy/install/share/rclcpp/cmake)\n'}
[1.306499] (-) TimerEvent: {}
[1.407182] (-) TimerEvent: {}
[1.444435] (cpp_pubsub) StdoutLine: {'line': b'-- Using all available rosidl_typesupport_c: rosidl_typesupport_fastrtps_c;rosidl_typesupport_introspection_c\n'}
[1.463147] (cpp_pubsub) StdoutLine: {'line': b'-- Found rosidl_adapter: 1.3.1 (/opt/ros/foxy/install/share/rosidl_adapter/cmake)\n'}
[1.507452] (-) TimerEvent: {}
[1.608263] (-) TimerEvent: {}
[1.709068] (-) TimerEvent: {}
[1.809925] (-) TimerEvent: {}
[1.910820] (-) TimerEvent: {}
[1.941236] (cpp_pubsub) StdoutLine: {'line': b'-- Using all available rosidl_typesupport_cpp: rosidl_typesupport_fastrtps_cpp;rosidl_typesupport_introspection_cpp\n'}
[2.011050] (-) TimerEvent: {}
[2.112416] (-) TimerEvent: {}
[2.185294] (cpp_pubsub) StdoutLine: {'line': b'-- Found rmw_implementation_cmake: 1.0.4 (/opt/ros/foxy/install/share/rmw_implementation_cmake/cmake)\n'}
[2.191610] (cpp_pubsub) StdoutLine: {'line': b"-- Using RMW implementation 'rmw_cyclonedds_cpp' as default\n"}
[2.212575] (-) TimerEvent: {}
[2.313912] (-) TimerEvent: {}
[2.415287] (-) TimerEvent: {}
[2.516717] (-) TimerEvent: {}
[2.618043] (-) TimerEvent: {}
[2.719194] (-) TimerEvent: {}
[2.820390] (-) TimerEvent: {}
[2.921576] (-) TimerEvent: {}
[3.022703] (-) TimerEvent: {}
[3.123813] (-) TimerEvent: {}
[3.224598] (-) TimerEvent: {}
[3.325406] (-) TimerEvent: {}
[3.326449] (cpp_pubsub) StderrLine: {'line': b"Error parsing '/workspaces/ROS_PointCloud_AGV/src/cpp_pubsub/package.xml':\n"}
[3.331590] (cpp_pubsub) StderrLine: {'line': b'Traceback (most recent call last):\n'}
[3.332441] (cpp_pubsub) StderrLine: {'line': b'  File "/usr/lib/python3/dist-packages/catkin_pkg/package.py", line 610, in parse_package_string\n'}
[3.333055] (cpp_pubsub) StderrLine: {'line': b'    root = dom.parseString(data)\n'}
[3.333666] (cpp_pubsub) StderrLine: {'line': b'  File "/usr/lib/python3.6/xml/dom/minidom.py", line 1968, in parseString\n'}
[3.334277] (cpp_pubsub) StderrLine: {'line': b'    return expatbuilder.parseString(string)\n'}
[3.334850] (cpp_pubsub) StderrLine: {'line': b'  File "/usr/lib/python3.6/xml/dom/expatbuilder.py", line 925, in parseString\n'}
[3.335549] (cpp_pubsub) StderrLine: {'line': b'    return builder.parseString(string)\n'}
[3.336176] (cpp_pubsub) StderrLine: {'line': b'  File "/usr/lib/python3.6/xml/dom/expatbuilder.py", line 223, in parseString\n'}
[3.336762] (cpp_pubsub) StderrLine: {'line': b'    parser.Parse(string, True)\n'}
[3.337332] (cpp_pubsub) StderrLine: {'line': b'xml.parsers.expat.ExpatError: XML or text declaration not at start of entity: line 3, column 0\n'}
[3.337884] (cpp_pubsub) StderrLine: {'line': b'\n'}
[3.338487] (cpp_pubsub) StderrLine: {'line': b'During handling of the above exception, another exception occurred:\n'}
[3.339078] (cpp_pubsub) StderrLine: {'line': b'\n'}
[3.339782] (cpp_pubsub) StderrLine: {'line': b'Traceback (most recent call last):\n'}
[3.340359] (cpp_pubsub) StderrLine: {'line': b'  File "/opt/ros/foxy/install/share/ament_cmake_core/cmake/core/package_xml_2_cmake.py", line 143, in <module>\n'}
[3.340947] (cpp_pubsub) StderrLine: {'line': b'    main()\n'}
[3.341513] (cpp_pubsub) StderrLine: {'line': b'  File "/opt/ros/foxy/install/share/ament_cmake_core/cmake/core/package_xml_2_cmake.py", line 52, in main\n'}
[3.342099] (cpp_pubsub) StderrLine: {'line': b'    raise e\n'}
[3.342674] (cpp_pubsub) StderrLine: {'line': b'  File "/opt/ros/foxy/install/share/ament_cmake_core/cmake/core/package_xml_2_cmake.py", line 49, in main\n'}
[3.343217] (cpp_pubsub) StderrLine: {'line': b'    args.package_xml.read(), filename=args.package_xml.name)\n'}
[3.343869] (cpp_pubsub) StderrLine: {'line': b'  File "/usr/lib/python3/dist-packages/catkin_pkg/package.py", line 612, in parse_package_string\n'}
[3.344466] (cpp_pubsub) StderrLine: {'line': b"    raise InvalidPackage('The manifest contains invalid XML:\\n%s' % ex, filename)\n"}
[3.345047] (cpp_pubsub) StderrLine: {'line': b"catkin_pkg.package.InvalidPackage: Error(s) in package '/workspaces/ROS_PointCloud_AGV/src/cpp_pubsub/package.xml':\n"}
[3.345613] (cpp_pubsub) StderrLine: {'line': b'The manifest contains invalid XML:\n'}
[3.346145] (cpp_pubsub) StderrLine: {'line': b'XML or text declaration not at start of entity: line 3, column 0\n'}
[3.389717] (cpp_pubsub) StderrLine: {'line': b'\x1b[31mCMake Error at /opt/ros/foxy/install/share/ament_cmake_core/cmake/core/ament_package_xml.cmake:94 (message):\n'}
[3.391039] (cpp_pubsub) StderrLine: {'line': b'  execute_process(/usr/bin/python3\n'}
[3.391676] (cpp_pubsub) StderrLine: {'line': b'  /opt/ros/foxy/install/share/ament_cmake_core/cmake/core/package_xml_2_cmake.py\n'}
[3.392179] (cpp_pubsub) StderrLine: {'line': b'  /workspaces/ROS_PointCloud_AGV/src/cpp_pubsub/package.xml\n'}
[3.393976] (cpp_pubsub) StderrLine: {'line': b'  /workspaces/ROS_PointCloud_AGV/build/cpp_pubsub/ament_cmake_core/package.cmake)\n'}
[3.394636] (cpp_pubsub) StderrLine: {'line': b'  returned error code 1\n'}
[3.395128] (cpp_pubsub) StderrLine: {'line': b'Call Stack (most recent call first):\n'}
[3.395684] (cpp_pubsub) StderrLine: {'line': b'  /opt/ros/foxy/install/share/ament_cmake_core/cmake/core/ament_package_xml.cmake:49 (_ament_package_xml)\n'}
[3.396244] (cpp_pubsub) StderrLine: {'line': b'  /opt/ros/foxy/install/share/ament_cmake_core/cmake/core/ament_package.cmake:63 (ament_package_xml)\n'}
[3.396741] (cpp_pubsub) StderrLine: {'line': b'  CMakeLists.txt:33 (ament_package)\n'}
[3.397211] (cpp_pubsub) StderrLine: {'line': b'\n'}
[3.397708] (cpp_pubsub) StderrLine: {'line': b'\x1b[0m\n'}
[3.398187] (cpp_pubsub) StdoutLine: {'line': b'-- Configuring incomplete, errors occurred!\n'}
[3.425674] (-) TimerEvent: {}
[3.427706] (cpp_pubsub) CommandEnded: {'returncode': 1}
[3.431194] (cpp_pubsub) JobEnded: {'identifier': 'cpp_pubsub', 'rc': 1}
[3.444069] (-) EventReactorShutdown: {}
